This is pdfTeX, Version 3.141592653-2.6-1.40.27 (MiKTeX 25.4) (preloaded format=pdflatex 2025.8.23)  10 DEC 2025 23:36
entering extended mode
 restricted \write18 enabled.
 %&-line parsing enabled.
**./abntex2-modelo-trabalho-academico-TCC-EngaEletrica.tex
(abntex2-modelo-trabalho-academico-TCC-EngaEletrica.tex
LaTeX2e <2025-06-01> patch level 1
L3 programming layer <2025-07-20>
(abntex2.cls
Document Class: abntex2 2018/11/24 v-1.9.7 abnTeX2
(C:\Users\jvsaa\AppData\Local\Programs\MiKTeX\tex/latex/base\ifthen.sty
Package: ifthen 2024/03/16 v1.1e Standard LaTeX ifthen package (DPC)
)
(C:\Users\jvsaa\AppData\Local\Programs\MiKTeX\tex/latex/memoir\memoir.cls
Document Class: memoir 2025/03/10 v3.8.3b configurable book, report, article do
cument class
(C:\Users\jvsaa\AppData\Local\Programs\MiKTeX\tex/latex/xpatch\xpatch.sty
(C:\Users\jvsaa\AppData\Local\Programs\MiKTeX\tex/latex/l3kernel\expl3.sty
Package: expl3 2025-07-20 L3 programming layer (loader) 

(C:\Users\jvsaa\AppData\Local\Programs\MiKTeX\tex/latex/l3backend\l3backend-pdf
tex.def
File: l3backend-pdftex.def 2025-06-09 L3 backend support: PDF output (pdfTeX)
\l__color_backend_stack_int=\count275
))
Package: xpatch 2020/03/25 v0.3a Extending etoolbox patching commands

(C:\Users\jvsaa\AppData\Local\Programs\MiKTeX\tex/latex/l3packages/xparse\xpars
e.sty
Package: xparse 2024-08-16 L3 Experimental document command parser
)
(C:\Users\jvsaa\AppData\Local\Programs\MiKTeX\tex/latex/etoolbox\etoolbox.sty
Package: etoolbox 2025/02/11 v2.5l e-TeX tools for LaTeX (JAW)
\etb@tempcnta=\count276
))
\onelineskip=\skip49
\lxvchars=\skip50
\xlvchars=\skip51
\@memcnta=\count277
\c@@memmarkcntra=\count278
(C:\Users\jvsaa\AppData\Local\Programs\MiKTeX\tex/generic/iftex\iftex.sty
Package: iftex 2024/12/12 v1.0g TeX engine tests
)
\trimtop=\skip52
\trimedge=\skip53

(C:\Users\jvsaa\AppData\Local\Programs\MiKTeX\tex/latex/memoir\mem12.clo
File: mem12.clo 2022/07/29 v0.5 memoir class 12pt size option
)
\binding=\skip54
\spinemargin=\skip55
\foremargin=\skip56
\uppermargin=\skip57
\lowermargin=\skip58
\headdrop=\skip59
\normalrulethickness=\skip60
\mem@maxheadheight=\skip61
\mem@maxfootheight=\skip62
\headwidth=\skip63
\c@storedpagenumber=\count279
\memPD=\dimen148
\m@mabparskip=\skip64
\thanksmarkwidth=\skip65
\thanksmarksep=\skip66
\droptitle=\skip67
\c@book=\count280
\c@part=\count281
\c@chapter=\count282
\c@section=\count283
\c@subsection=\count284
\c@subsubsection=\count285
\c@paragraph=\count286
\c@subparagraph=\count287
\beforechapskip=\skip68
\midchapskip=\skip69
\afterchapskip=\skip70
\chapindent=\skip71
\bottomsectionskip=\skip72
\secindent=\skip73
\beforesecskip=\skip74
\aftersecskip=\skip75
\subsecindent=\skip76
\beforesubsecskip=\skip77
\aftersubsecskip=\skip78
\subsubsecindent=\skip79
\beforesubsubsecskip=\skip80
\aftersubsubsecskip=\skip81
\paraindent=\skip82
\beforeparaskip=\skip83
\afterparaskip=\skip84
\subparaindent=\skip85
\beforesubparaskip=\skip86
\aftersubparaskip=\skip87
\pfbreakskip=\skip88
\c@@ppsavesec=\count288
\c@@ppsaveapp=\count289
\ragrparindent=\dimen149
\everylistparindent=\dimen150
\parsepi=\skip89
\topsepi=\skip90
\itemsepi=\skip91
\parsepii=\skip92
\topsepii=\skip93
\topsepiii=\skip94
\itemsepii=\skip95
\itemsepiii=\skip96
\partopsepii=\skip97
\partopsepiii=\skip98
\m@msavetopsep=\skip99
\m@msavepartopsep=\skip100
\@enLab=\toks17
\abstitleskip=\skip101
\absleftindent=\skip102
\abs@leftindent=\dimen151
\absrightindent=\skip103
\absparindent=\skip104
\absparsep=\skip105
\c@vslineno=\count290
\c@poemline=\count291
\c@modulo@vs=\count292
\c@memfvsline=\count293
\vleftskip=\skip106
\vrightskip=\skip107
\stanzaskip=\skip108
\versewidth=\skip109
\vgap=\skip110
\vindent=\skip111
\vleftmargin=\dimen152
\c@verse=\count294
\c@chrsinstr=\count295
\beforepoemtitleskip=\skip112
\afterpoemtitleskip=\skip113
\c@poem=\count296
\beforePoemTitleskip=\skip114
\midPoemTitleskip=\skip115
\afterPoemTitleskip=\skip116

(C:\Users\jvsaa\AppData\Local\Programs\MiKTeX\tex/latex/tools\array.sty
Package: array 2025/06/08 v2.6j Tabular extension package (FMi)
\col@sep=\dimen153
\ar@mcellbox=\box53
\extrarowheight=\dimen154
\NC@list=\toks18
\extratabsurround=\skip117
\backup@length=\skip118
\ar@cellbox=\box54
)
(C:\Users\jvsaa\AppData\Local\Programs\MiKTeX\tex/latex/tools\dcolumn.sty
Package: dcolumn 2023/07/08 v1.06 decimal alignment package (DPC)
)
(C:\Users\jvsaa\AppData\Local\Programs\MiKTeX\tex/latex/tools\delarray.sty
Package: delarray 2014/10/28 v1.01 array delimiter package (DPC)
)
(C:\Users\jvsaa\AppData\Local\Programs\MiKTeX\tex/latex/tools\tabularx.sty
Package: tabularx 2023/12/11 v2.12a `tabularx' package (DPC)
\TX@col@width=\dimen155
\TX@old@table=\dimen156
\TX@old@col=\dimen157
\TX@target=\dimen158
\TX@delta=\dimen159
\TX@cols=\count297
\TX@ftn=\toks19
)
(C:\Users\jvsaa\AppData\Local\Programs\MiKTeX\tex/latex/booktabs\booktabs.sty
Package: booktabs 2020/01/12 v1.61803398 Publication quality tables
\heavyrulewidth=\dimen160
\lightrulewidth=\dimen161
\cmidrulewidth=\dimen162
\belowrulesep=\dimen163
\belowbottomsep=\dimen164
\aboverulesep=\dimen165
\abovetopsep=\dimen166
\cmidrulesep=\dimen167
\cmidrulekern=\dimen168
\defaultaddspace=\dimen169
\@cmidla=\count298
\@cmidlb=\count299
\@aboverulesep=\dimen170
\@belowrulesep=\dimen171
\@thisruleclass=\count300
\@lastruleclass=\count301
\@thisrulewidth=\dimen172
)
\ctableftskip=\skip119
\ctabrightskip=\skip120
\abovecolumnspenalty=\count302
\@linestogo=\count303
\@cellstogo=\count304
\@cellsincolumn=\count305
\crtok=\toks20
\@mincolumnwidth=\dimen173
\c@newflo@tctr=\count306
\mem@margin@floatbox=\box55
\@contcwidth=\skip121
\@contindw=\skip122
\abovecaptionskip=\skip123
\belowcaptionskip=\skip124
\subfloattopskip=\skip125
\subfloatcapskip=\skip126
\subfloatcaptopadj=\skip127
\subfloatbottomskip=\skip128
\subfloatlabelskip=\skip129
\subfloatcapmargin=\dimen174
\c@@contsubnum=\count307
\m@mscap@capbox=\box56
\m@mscap@fbox=\box57
\sidecapsep=\dimen175
\sidecapwidth=\dimen176
\m@m@tempdima=\dimen177
\m@mscapraise=\dimen178
\sidecapraise=\dimen179
\m@mscapmainwidth=\dimen180
\m@mscaplkern=\dimen181
\beforeepigraphskip=\skip130
\afterepigraphskip=\skip131
\epigraphwidth=\skip132
\epigraphrule=\skip133
LaTeX Info: Redefining \em on input line 7017.
LaTeX Info: Redefining \emph on input line 7025.

(C:\Users\jvsaa\AppData\Local\Programs\MiKTeX\tex/latex/hyperref\nameref.sty
Package: nameref 2025-06-21 v2.57 Cross-referencing by name of section

(C:\Users\jvsaa\AppData\Local\Programs\MiKTeX\tex/latex/refcount\refcount.sty
Package: refcount 2019/12/15 v3.6 Data extraction from label references (HO)

(C:\Users\jvsaa\AppData\Local\Programs\MiKTeX\tex/generic/ltxcmds\ltxcmds.sty
Package: ltxcmds 2023-12-04 v1.26 LaTeX kernel commands for general use (HO)
)
(C:\Users\jvsaa\AppData\Local\Programs\MiKTeX\tex/generic/infwarerr\infwarerr.s
ty
Package: infwarerr 2019/12/03 v1.5 Providing info/warning/error messages (HO)
))
(C:\Users\jvsaa\AppData\Local\Programs\MiKTeX\tex/generic/gettitlestring\gettit
lestring.sty
Package: gettitlestring 2019/12/15 v1.6 Cleanup title references (HO)

(C:\Users\jvsaa\AppData\Local\Programs\MiKTeX\tex/latex/kvoptions\kvoptions.sty
Package: kvoptions 2022-06-15 v3.15 Key value format for package options (HO)
(C:\Users\jvsaa\AppData\Local\Programs\MiKTeX\tex/latex/graphics\keyval.sty
Package: keyval 2022/05/29 v1.15 key=value parser (DPC)
\KV@toks@=\toks21
)
(C:\Users\jvsaa\AppData\Local\Programs\MiKTeX\tex/latex/kvsetkeys\kvsetkeys.sty
Package: kvsetkeys 2022-10-05 v1.19 Key value parser (HO)
)))
\c@section@level=\count308
)
\tocentryskip=\skip134
\tocbaseline=\skip135
\cftparskip=\skip136
\cftbeforebookskip=\skip137
\cftbookindent=\dimen182
\cftbooknumwidth=\dimen183
\cftbeforepartskip=\skip138
\cftpartindent=\skip139
\cftpartnumwidth=\skip140
\cftbeforechapterskip=\skip141
\cftchapterindent=\skip142
\cftchapternumwidth=\skip143
\cftbeforesectionskip=\skip144
\cftsectionindent=\skip145
\cftsectionnumwidth=\skip146
\cftbeforesubsectionskip=\skip147
\cftsubsectionindent=\skip148
\cftsubsectionnumwidth=\skip149
\cftbeforesubsubsectionskip=\skip150
\cftsubsubsectionindent=\skip151
\cftsubsubsectionnumwidth=\skip152
\cftbeforeparagraphskip=\skip153
\cftparagraphindent=\skip154
\cftparagraphnumwidth=\skip155
\cftbeforesubparagraphskip=\skip156
\cftsubparagraphindent=\skip157
\cftsubparagraphnumwidth=\skip158
\prechapterprecisshift=\dimen184
\c@maxsecnumdepth=\count309
\bibindent=\dimen185
\bibitemsep=\skip159
\indexcolsep=\skip160
\indexrule=\skip161
\indexmarkstyle=\toks22
\@indexbox=\insert252
LaTeX Info: Redefining \raggedbottom on input line 8108.
LaTeX Info: Redefining \flushbottom on input line 8112.
\glossarycolsep=\dimen186
\glossaryrule=\dimen187
\sideparvshift=\skip162
\sideins=\insert251
\sidebartopsep=\skip163
\sidebarhsep=\skip164
\sidebarvsep=\skip165
\sidebarwidth=\skip166
\footmarkwidth=\skip167
\footmarksep=\skip168
\footparindent=\skip169
\footinsdim=\skip170
\footinsv@r=\insert250
\@mpfootinsv@r=\insert249
\m@m@k=\count310
\m@m@h=\dimen188
\m@mipn@skip=\skip171
\sidefootins=\insert248
\sidefootadjust=\skip172
\sidefootheight=\skip173
\sidefoothsep=\skip174
\sidefootvsep=\skip175
\sidefootwidth=\skip176
\m@mdownsf=\skip177
\c@sidefootnote=\count311
\sidefootmarkwidth=\skip178
\sidefootmarksep=\skip179
\sidefootparindent=\skip180
\c@pagenote=\count312

patch 2 for \immediateaddtocontents failed
\c@pagenoteshadow=\count313
\mem@pn@lastkern=\skip181
(C:\Users\jvsaa\AppData\Local\Programs\MiKTeX\tex/latex/tools\verbatim.sty
Package: verbatim 2024-01-22 v1.5x LaTeX2e package for verbatim enhancements
\every@verbatim=\toks23
\verbatim@line=\toks24
\verbatim@in@stream=\read2
)
\verbatimindent=\skip182
\verbatim@out=\write3

(C:\Users\jvsaa\AppData\Local\Programs\MiKTeX\tex/latex/base\shortvrb.sty
Package: shortvrb 2024/12/25 v3.0q Standard LaTeX documentation package V3 (FMi
)
)
\bvboxsep=\skip183
\c@memfbvline=\count314
\c@bvlinectr=\count315
\bvnumlength=\skip184
\fb@frw=\dimen189
\fb@frh=\dimen190
\FrameRule=\dimen191
\FrameSep=\dimen192
\c@cp@cntr=\count316
\c@ism@mctr=\count317
\c@xsm@mctr=\count318
\c@csm@mctr=\count319
\c@ksm@mctr=\count320
\c@xksm@mctr=\count321
\c@cksm@mctr=\count322
\c@msm@mctr=\count323
\c@xmsm@mctr=\count324
\c@cmsm@mctr=\count325
\c@bsm@mctr=\count326
\c@workm@mctr=\count327
\c@sheetsequence=\count328
\c@lastsheet=\count329
\c@lastpage=\count330

(C:\Users\jvsaa\AppData\Local\Programs\MiKTeX\tex/latex/textcase\textcase.sty
Package: textcase 2025/02/16 v1.05 Text only upper/lower case changing (DPC)
Package textcase Info: Defining Legacy names on input line 20.
)
\c@figure=\count331
\c@lofdepth=\count332
\cftbeforefigureskip=\skip185
\cftfigureindent=\skip186
\cftfigurenumwidth=\skip187
\c@table=\count333
\c@lotdepth=\count334
\cftbeforetableskip=\skip188
\cfttableindent=\skip189
\cfttablenumwidth=\skip190
Package abstract [2008/07/23] emulated by memoir.
Package appendix [2008/07/23] emulated by memoir.
Package ccaption [2008/07/23] emulated by memoir.
Package changepage [2008/07/23] emulated by memoir.
Package chngcntr [2008/07/23] emulated by memoir.
Package chngpage [2008/07/23] emulated by memoir.
Package crop emulated by memoir.
Package enumerate [2008/07/23] emulated by memoir.
Package epigraph [2008/07/23] emulated by memoir.
Package ifmtarg [2008/07/23] emulated by memoir.
Package index [2008/07/23] emulated by memoir.
Package makeidx [2008/07/23] emulated by memoir.
Package moreverb [2008/07/23] emulated by memoir.
Package needspace [2008/07/23] emulated by memoir.
Package newfile [2008/07/23] emulated by memoir.
Package nextpage [2008/07/23] emulated by memoir.
Package pagenote [2008/07/23] emulated by memoir.
Package parskip [2008/07/23] emulated by memoir.
Package patchcmd [2008/07/23] emulated by memoir.
Package setspace [2008/07/23] emulated by memoir.
Package showidx [2008/07/23] emulated by memoir.
Package titleref [2008/07/23] emulated by memoir.
Package titling [2008/07/23] emulated by memoir.
Package tocbibind [2008/07/23] emulated by memoir.
Package tocloft [2008/07/23] emulated by memoir.
Package tocvsec2 [2008/07/23] emulated by memoir.
Package verse [2008/07/23] emulated by memoir.
) (C:\Users\jvsaa\AppData\Local\Programs\MiKTeX\tex/latex/hyperref\hyperref.sty
Package: hyperref 2025-07-12 v7.01o Hypertext links for LaTeX

(C:\Users\jvsaa\AppData\Local\Programs\MiKTeX\tex/generic/kvdefinekeys\kvdefine
keys.sty
Package: kvdefinekeys 2019-12-19 v1.6 Define keys (HO)
)
(C:\Users\jvsaa\AppData\Local\Programs\MiKTeX\tex/generic/pdfescape\pdfescape.s
ty
Package: pdfescape 2019/12/09 v1.15 Implements pdfTeX's escape features (HO)

(C:\Users\jvsaa\AppData\Local\Programs\MiKTeX\tex/generic/pdftexcmds\pdftexcmds
.sty
Package: pdftexcmds 2020-06-27 v0.33 Utility functions of pdfTeX for LuaTeX (HO
)
Package pdftexcmds Info: \pdf@primitive is available.
Package pdftexcmds Info: \pdf@ifprimitive is available.
Package pdftexcmds Info: \pdfdraftmode found.
))
(C:\Users\jvsaa\AppData\Local\Programs\MiKTeX\tex/latex/hycolor\hycolor.sty
Package: hycolor 2020-01-27 v1.10 Color options for hyperref/bookmark (HO)
)
(C:\Users\jvsaa\AppData\Local\Programs\MiKTeX\tex/generic/stringenc\stringenc.s
ty
Package: stringenc 2019/11/29 v1.12 Convert strings between diff. encodings (HO
)
)
\@linkdim=\dimen193
\Hy@linkcounter=\count335
\Hy@pagecounter=\count336
 (C:\Users\jvsaa\AppData\Local\Programs\MiKTeX\tex/latex/hyperref\pd1enc.def
File: pd1enc.def 2025-07-12 v7.01o Hyperref: PDFDocEncoding definition (HO)
Now handling font encoding PD1 ...
... no UTF-8 mapping file for font encoding PD1
) (C:\Users\jvsaa\AppData\Local\Programs\MiKTeX\tex/generic/intcalc\intcalc.sty
Package: intcalc 2019/12/15 v1.3 Expandable calculations with integers (HO)
)
\Hy@SavedSpaceFactor=\count337
 (C:\Users\jvsaa\AppData\Local\Programs\MiKTeX\tex/latex/hyperref\puenc.def
File: puenc.def 2025-07-12 v7.01o Hyperref: PDF Unicode definition (HO)
Now handling font encoding PU ...
... no UTF-8 mapping file for font encoding PU
)
Package hyperref Info: Hyper figures OFF on input line 4195.
Package hyperref Info: Link nesting OFF on input line 4200.
Package hyperref Info: Hyper index ON on input line 4203.
Package hyperref Info: Plain pages OFF on input line 4210.
Package hyperref Info: Backreferencing OFF on input line 4215.
Package hyperref Info: Implicit mode ON; LaTeX internals redefined.
Package hyperref Info: Bookmarks ON on input line 4462.
\c@Hy@tempcnt=\count338

(C:\Users\jvsaa\AppData\Local\Programs\MiKTeX\tex/latex/url\url.sty
\Urlmuskip=\muskip17
Package: url 2013/09/16  ver 3.4  Verb mode for urls, etc.
)
LaTeX Info: Redefining \url on input line 4801.
\XeTeXLinkMargin=\dimen194

(C:\Users\jvsaa\AppData\Local\Programs\MiKTeX\tex/generic/bitset\bitset.sty
Package: bitset 2019/12/09 v1.3 Handle bit-vector datatype (HO)

(C:\Users\jvsaa\AppData\Local\Programs\MiKTeX\tex/generic/bigintcalc\bigintcalc
.sty
Package: bigintcalc 2019/12/15 v1.5 Expandable calculations on big integers (HO
)
))
\Fld@menulength=\count339
\Field@Width=\dimen195
\Fld@charsize=\dimen196
Package hyperref Info: Hyper figures OFF on input line 6078.
Package hyperref Info: Link nesting OFF on input line 6083.
Package hyperref Info: Hyper index ON on input line 6086.
Package hyperref Info: backreferencing OFF on input line 6093.
Package hyperref Info: Link coloring OFF on input line 6098.
Package hyperref Info: Link coloring with OCG OFF on input line 6103.
Package hyperref Info: PDF/A mode OFF on input line 6108.
\Hy@abspage=\count340
\c@Item=\count341
\c@Hfootnote=\count342
)
Package hyperref Info: Driver (autodetected): hpdftex.

(C:\Users\jvsaa\AppData\Local\Programs\MiKTeX\tex/latex/hyperref\hpdftex.def
File: hpdftex.def 2025-07-12 v7.01o Hyperref driver for pdfTeX
\Fld@listcount=\count343
\c@bookmark@seq@number=\count344

(C:\Users\jvsaa\AppData\Local\Programs\MiKTeX\tex/latex/rerunfilecheck\rerunfil
echeck.sty
Package: rerunfilecheck 2025-06-21 v1.11 Rerun checks for auxiliary files (HO)

(C:\Users\jvsaa\AppData\Local\Programs\MiKTeX\tex/generic/uniquecounter\uniquec
ounter.sty
Package: uniquecounter 2019/12/15 v1.4 Provide unlimited unique counter (HO)
)
Package uniquecounter Info: New unique counter `rerunfilecheck' on input line 2
84.
)
\Hy@SectionHShift=\skip191
)
(C:\Users\jvsaa\AppData\Local\Programs\MiKTeX\tex/latex/memoir\memhfixc.sty
Package: memhfixc 2025/03/06 v1.23 hyperref package fixes for memoir class
\c@memhycontfloat=\count345
\c@mem@Hpagenote=\count346
)
(C:\Users\jvsaa\AppData\Local\Programs\MiKTeX\tex/latex/bookmark\bookmark.sty
Package: bookmark 2023-12-10 v1.31 PDF bookmarks (HO)

(C:\Users\jvsaa\AppData\Local\Programs\MiKTeX\tex/latex/bookmark\bkm-pdftex.def
File: bkm-pdftex.def 2023-12-10 v1.31 bookmark driver for pdfTeX and luaTeX (HO
)
\BKM@id=\count347
)) (C:\Users\jvsaa\AppData\Local\Programs\MiKTeX\tex/generic/babel\babel.sty
Package: babel 2025/08/03 v25.12 The multilingual framework for LuaLaTeX, pdfLa
TeX and XeLaTeX
\babel@savecnt=\count348
LaTeX Encoding Info:    Redeclaring text command \ij (encoding OT1) on input li
ne 2045.
LaTeX Encoding Info:    Redeclaring text command \IJ (encoding OT1) on input li
ne 2047.
LaTeX Encoding Info:    Redeclaring text command \ij (encoding T1) on input lin
e 2049.
LaTeX Encoding Info:    Redeclaring text command \IJ (encoding T1) on input lin
e 2050.
LaTeX Encoding Info:    Ignoring declaration for text command \ij (encoding ?) 
on input line 2051.
LaTeX Encoding Info:    Ignoring declaration for text command \IJ (encoding ?) 
on input line 2053.
LaTeX Encoding Info:    Ignoring declaration for text command \SS (encoding ?) 
on input line 2078.
\U@D=\dimen197
\l@unhyphenated=\language79

(C:\Users\jvsaa\AppData\Local\Programs\MiKTeX\tex/generic/babel\txtbabel.def)
\bbl@readstream=\read3
\bbl@dirlevel=\count349

*************************************
* Local config file bblopts.cfg used
*
(C:\Users\jvsaa\AppData\Local\Programs\MiKTeX\tex/latex/arabi\bblopts.cfg
File: bblopts.cfg 2005/09/08 v0.1 add Arabic and Farsi to "declared" options of
 babel
)
(C:\Users\jvsaa\AppData\Local\Programs\MiKTeX\tex/latex/babel-english\english.l
df
Language: english 2017/06/06 v3.3r English support from the babel system

(C:\Users\jvsaa\AppData\Local\Programs\MiKTeX\tex/generic/babel/locale/en\babel
-english.tex
Package babel Info: Importing font and identification data for english
(babel)             from babel-en.ini. Reported on input line 12.
)
Package babel Info: Hyphen rules for 'canadian' set to \l@english
(babel)             (\language0). Reported on input line 102.
Package babel Info: Hyphen rules for 'australian' set to \l@ukenglish
(babel)             (\language73). Reported on input line 105.
Package babel Info: Hyphen rules for 'newzealand' set to \l@ukenglish
(babel)             (\language73). Reported on input line 108.
)
(C:\Users\jvsaa\AppData\Local\Programs\MiKTeX\tex/generic/babel-french\french.l
df
Language: french 2025-07-25 v4.0d French support from the babel system

(C:\Users\jvsaa\AppData\Local\Programs\MiKTeX\tex/generic/babel/locale/fr\babel
-french.tex
Package babel Info: Importing font and identification data for french
(babel)             from babel-fr.ini. Reported on input line 12.
)
(C:\Users\jvsaa\AppData\Local\Programs\MiKTeX\tex/generic/babel-french\french3.
ldf
Language: french 2025-07-25 v3.7d French support from the babel system
\FB@stdchar=\count350
Package babel Info: Making : an active character on input line 273.
Package babel Info: Making ; an active character on input line 274.
Package babel Info: Making ! an active character on input line 275.
Package babel Info: Making ? an active character on input line 276.
\FBguill@level=\count351
\FBold@everypar=\toks25
\FB@Mht=\dimen198
\mc@charclass=\count352
\mc@charfam=\count353
\mc@charslot=\count354
\std@mcc=\count355
\dec@mcc=\count356
\FB@pardim=\dimen199
\listindentFB=\dimen256
\descindentFB=\dimen257
\labelindentFB=\dimen258
\labelwidthFB=\dimen259
\leftmarginFB=\dimen260
\parindentFFN=\dimen261
\FBfnindent=\dimen262
))
(C:\Users\jvsaa\AppData\Local\Programs\MiKTeX\tex/latex/babel-spanish\spanish.l
df
Language: spanish.ldf 2021/05/27 v5.0q Spanish support from the babel system

(C:\Users\jvsaa\AppData\Local\Programs\MiKTeX\tex/generic/babel/locale/es\babel
-spanish.tex
Package babel Info: Importing font and identification data for spanish
(babel)             from babel-es.ini. Reported on input line 12.
)
\es@quottoks=\toks26
\es@quotdepth=\count357
Package babel Info: Making " an active character on input line 570.
Package babel Info: Making . an active character on input line 675.
Package babel Info: Making < an active character on input line 722.
Package babel Info: Making > an active character on input line 722.
)
(C:\Users\jvsaa\AppData\Local\Programs\MiKTeX\tex/latex/babel-portuges\brazil.l
df
Language: portuges 2021/07/09 v1.2t Portuguese support from the babel system
Package babel Info: Hyphen rules for 'brazil' set to \l@portuguese
(babel)             (\language56). Reported on input line 111.
))
(C:\Users\jvsaa\AppData\Local\Programs\MiKTeX\tex/latex/carlisle\scalefnt.sty)
(C:\Users\jvsaa\AppData\Local\Programs\MiKTeX\tex/latex/enumitem\enumitem.sty
Package: enumitem 2025/02/06 v3.11 Customized lists
\labelindent=\skip192
\enit@outerparindent=\dimen263
\enit@toks=\toks27
\enit@inbox=\box58
\enit@count@id=\count358
\enitdp@description=\count359
)
(C:\Users\jvsaa\AppData\Local\Programs\MiKTeX\tex/latex/tools\calc.sty
Package: calc 2025/03/01 v4.3b Infix arithmetic (KKT,FJ)
\calc@Acount=\count360
\calc@Bcount=\count361
\calc@Adimen=\dimen264
\calc@Bdimen=\dimen265
\calc@Askip=\skip193
\calc@Bskip=\skip194
LaTeX Info: Redefining \setlength on input line 86.
LaTeX Info: Redefining \addtolength on input line 87.
\calc@Ccount=\count362
\calc@Cskip=\skip195
)

******************************************************
Stock height and width: 845.04684pt by 597.50787pt
Top and edge trims: 0pt and 0pt
Page height and width: 845.04684pt by 597.50787pt
Text height and width: 708pt by 455pt
Spine and edge margins: 85.35826pt and 56.9055pt
Upper and lower margins: 85.35826pt and 51.68858pt
Headheight and headsep: 14.5pt and 19.8738pt
Footskip: 30pt
Columnsep and columnseprule: 10pt and 0pt
Marginparsep and marginparwidth: 7pt and 42.9055pt
Sidecapsep and sidecapwidth: 7pt and 92pt
Sidebarhsep and sidebarwidth: 7pt and 92pt
Sidebarvsep and sidebartopsep: 14.5pt and 0pt
Sidebarheight: 590.14995pt
Sidefoothsep and sidefootwidth: 7pt and 92pt
Sidefootvsep and sidefootheight: 14.5pt and 590.14995pt
******************************************************

\c@abntex@bookmarkcounter=\count363
\cftlastnumwidth=\skip196
\chapternamenumlength=\skip197
\ABNTEXcitacaorecuo=\skip198
\c@alineasi=\count364
\c@alineasii=\count365
\enitdp@alineas=\count366
\c@subalineasi=\count367
\enitdp@subalineas=\count368
\c@incisosi=\count369
\enitdp@incisos=\count370
\ABNTEXsignwidth=\skip199
\ABNTEXsignthickness=\skip256
\ABNTEXsignskip=\skip257
) (C:\Users\jvsaa\AppData\Local\Programs\MiKTeX\tex/latex/cmap\cmap.sty
Package: cmap 2021/02/06 v1.0j CMap support: searchable PDF
)
(C:\Users\jvsaa\AppData\Local\Programs\MiKTeX\tex/latex/lm\lmodern.sty
Package: lmodern 2015/05/01 v1.6.1 Latin Modern Fonts
LaTeX Font Info:    Overwriting symbol font `operators' in version `normal'
(Font)                  OT1/cmr/m/n --> OT1/lmr/m/n on input line 22.
LaTeX Font Info:    Overwriting symbol font `letters' in version `normal'
(Font)                  OML/cmm/m/it --> OML/lmm/m/it on input line 23.
LaTeX Font Info:    Overwriting symbol font `symbols' in version `normal'
(Font)                  OMS/cmsy/m/n --> OMS/lmsy/m/n on input line 24.
LaTeX Font Info:    Overwriting symbol font `largesymbols' in version `normal'
(Font)                  OMX/cmex/m/n --> OMX/lmex/m/n on input line 25.
LaTeX Font Info:    Overwriting symbol font `operators' in version `bold'
(Font)                  OT1/cmr/bx/n --> OT1/lmr/bx/n on input line 26.
LaTeX Font Info:    Overwriting symbol font `letters' in version `bold'
(Font)                  OML/cmm/b/it --> OML/lmm/b/it on input line 27.
LaTeX Font Info:    Overwriting symbol font `symbols' in version `bold'
(Font)                  OMS/cmsy/b/n --> OMS/lmsy/b/n on input line 28.
LaTeX Font Info:    Overwriting symbol font `largesymbols' in version `bold'
(Font)                  OMX/cmex/m/n --> OMX/lmex/m/n on input line 29.
LaTeX Font Info:    Overwriting math alphabet `\mathbf' in version `normal'
(Font)                  OT1/cmr/bx/n --> OT1/lmr/bx/n on input line 31.
LaTeX Font Info:    Overwriting math alphabet `\mathsf' in version `normal'
(Font)                  OT1/cmss/m/n --> OT1/lmss/m/n on input line 32.
LaTeX Font Info:    Overwriting math alphabet `\mathit' in version `normal'
(Font)                  OT1/cmr/m/it --> OT1/lmr/m/it on input line 33.
LaTeX Font Info:    Overwriting math alphabet `\mathtt' in version `normal'
(Font)                  OT1/cmtt/m/n --> OT1/lmtt/m/n on input line 34.
LaTeX Font Info:    Overwriting math alphabet `\mathbf' in version `bold'
(Font)                  OT1/cmr/bx/n --> OT1/lmr/bx/n on input line 35.
LaTeX Font Info:    Overwriting math alphabet `\mathsf' in version `bold'
(Font)                  OT1/cmss/bx/n --> OT1/lmss/bx/n on input line 36.
LaTeX Font Info:    Overwriting math alphabet `\mathit' in version `bold'
(Font)                  OT1/cmr/bx/it --> OT1/lmr/bx/it on input line 37.
LaTeX Font Info:    Overwriting math alphabet `\mathtt' in version `bold'
(Font)                  OT1/cmtt/m/n --> OT1/lmtt/m/n on input line 38.
)
(C:\Users\jvsaa\AppData\Local\Programs\MiKTeX\tex/latex/base\fontenc.sty
Package: fontenc 2024/12/21 v2.1c Standard LaTeX package
LaTeX Font Info:    Trying to load font information for T1+lmr on input line 11
6.

(C:\Users\jvsaa\AppData\Local\Programs\MiKTeX\tex/latex/lm\t1lmr.fd
File: t1lmr.fd 2015/05/01 v1.6.1 Font defs for Latin Modern
)<<t1.cmap>>) (C:\Users\jvsaa\AppData\Local\Programs\MiKTeX\tex/latex/base\inpu
tenc.sty
Package: inputenc 2024/02/08 v1.3d Input encoding file
\inpenc@prehook=\toks28
\inpenc@posthook=\toks29

(C:\Users\jvsaa\AppData\Local\Programs\MiKTeX\tex/latex/base\latin1.def
File: latin1.def 2024/02/08 v1.3d Input encoding file
LaTeX Encoding Info:    Ignoring declaration for text command \textdegree (enco
ding ?) on input line 47.
LaTeX Encoding Info:    Ignoring declaration for text command \textonehalf (enc
oding ?) on input line 48.
LaTeX Encoding Info:    Ignoring declaration for text command \textonequarter (
encoding ?) on input line 49.
LaTeX Encoding Info:    Ignoring declaration for text command \textthreequarter
s (encoding ?) on input line 50.
LaTeX Encoding Info:    Ignoring declaration for text command \textcent (encodi
ng ?) on input line 51.
LaTeX Encoding Info:    Ignoring declaration for text command \textyen (encodin
g ?) on input line 53.
LaTeX Encoding Info:    Ignoring declaration for text command \textcurrency (en
coding ?) on input line 55.
LaTeX Encoding Info:    Ignoring declaration for text command \textbrokenbar (e
ncoding ?) on input line 57.
))
(C:\Users\jvsaa\AppData\Local\Programs\MiKTeX\tex/latex/lastpage\lastpage.sty
Package: lastpage 2025/06/06 v2.1g lastpage: 2.09 or 2e? (HMM)

(C:\Users\jvsaa\AppData\Local\Programs\MiKTeX\tex/latex/lastpage\lastpage2e.sty
Package: lastpage2e 2025/06/06 v2.1g Decide which 2e lastpage version to use (H
MM)

(C:\Users\jvsaa\AppData\Local\Programs\MiKTeX\tex/latex/lastpage\lastpagemodern
.sty
Package: lastpagemodern 2025-06-06 v2.1g Refers to last page's name (HMM; JPG)
\c@lastpagecount=\count371
) 
))
(C:\Users\jvsaa\AppData\Local\Programs\MiKTeX\tex/latex/tools\indentfirst.sty
Package: indentfirst 2023/07/02 v1.03 Indent first paragraph (DPC)
)
(C:\Users\jvsaa\AppData\Local\Programs\MiKTeX\tex/latex/graphics\color.sty
Package: color 2025/01/14 v1.3e Standard LaTeX Color (DPC)

(C:\Users\jvsaa\AppData\Local\Programs\MiKTeX\tex/latex/graphics-cfg\color.cfg
File: color.cfg 2016/01/02 v1.6 sample color configuration
)
Package color Info: Driver file: pdftex.def on input line 149.

(C:\Users\jvsaa\AppData\Local\Programs\MiKTeX\tex/latex/graphics-def\pdftex.def
File: pdftex.def 2024/04/13 v1.2c Graphics/color driver for pdftex
)
(C:\Users\jvsaa\AppData\Local\Programs\MiKTeX\tex/latex/graphics\mathcolor.ltx)
) (C:\Users\jvsaa\AppData\Local\Programs\MiKTeX\tex/latex/graphics\graphicx.sty
Package: graphicx 2024/12/31 v1.2e Enhanced LaTeX Graphics (DPC,SPQR)
(C:\Users\jvsaa\AppData\Local\Programs\MiKTeX\tex/latex/graphics\graphics.sty
Package: graphics 2024/08/06 v1.4g Standard LaTeX Graphics (DPC,SPQR)

(C:\Users\jvsaa\AppData\Local\Programs\MiKTeX\tex/latex/graphics\trig.sty
Package: trig 2023/12/02 v1.11 sin cos tan (DPC)
)
(C:\Users\jvsaa\AppData\Local\Programs\MiKTeX\tex/latex/graphics-cfg\graphics.c
fg
File: graphics.cfg 2016/06/04 v1.11 sample graphics configuration
)
Package graphics Info: Driver file: pdftex.def on input line 106.
)
\Gin@req@height=\dimen266
\Gin@req@width=\dimen267
)
(C:\Users\jvsaa\AppData\Local\Programs\MiKTeX\tex/latex/listings\listings.sty
\lst@mode=\count372
\lst@gtempboxa=\box59
\lst@token=\toks30
\lst@length=\count373
\lst@currlwidth=\dimen268
\lst@column=\count374
\lst@pos=\count375
\lst@lostspace=\dimen269
\lst@width=\dimen270
\lst@newlines=\count376
\lst@lineno=\count377
\lst@maxwidth=\dimen271

(C:\Users\jvsaa\AppData\Local\Programs\MiKTeX\tex/latex/listings\lstpatch.sty
File: lstpatch.sty 2024/09/23 1.10c (Carsten Heinz)
)
(C:\Users\jvsaa\AppData\Local\Programs\MiKTeX\tex/latex/listings\lstmisc.sty
File: lstmisc.sty 2024/09/23 1.10c (Carsten Heinz)
\c@lstnumber=\count378
\lst@skipnumbers=\count379
\lst@framebox=\box60
)
(C:\Users\jvsaa\AppData\Local\Programs\MiKTeX\tex/latex/listings\listings.cfg
File: listings.cfg 2024/09/23 1.10c listings configuration
))
Package: listings 2024/09/23 1.10c (Carsten Heinz)
(C:\Users\jvsaa\AppData\Local\Programs\MiKTeX\tex/latex/psnfss\pifont.sty
Package: pifont 2020/03/25 PSNFSS-v9.3 Pi font support (SPQR) 
LaTeX Font Info:    Trying to load font information for U+pzd on input line 63.


(C:\Users\jvsaa\AppData\Local\Programs\MiKTeX\tex/latex/psnfss\upzd.fd
File: upzd.fd 2001/06/04 font definitions for U/pzd.
)
LaTeX Font Info:    Trying to load font information for U+psy on input line 64.


(C:\Users\jvsaa\AppData\Local\Programs\MiKTeX\tex/latex/psnfss\upsy.fd
File: upsy.fd 2001/06/04 font definitions for U/psy.
))
(C:\Users\jvsaa\AppData\Local\Programs\MiKTeX\tex/latex/xcolor\xcolor.sty
Package: xcolor 2024/09/29 v3.02 LaTeX color extensions (UK)

(C:\Users\jvsaa\AppData\Local\Programs\MiKTeX\tex/latex/graphics-cfg\color.cfg
File: color.cfg 2016/01/02 v1.6 sample color configuration
)
Package xcolor Info: Driver file: pdftex.def on input line 274.
LaTeX Info: Redefining \color on input line 762.
(C:\Users\jvsaa\AppData\Local\Programs\MiKTeX\tex/latex/graphics\mathcolor.ltx)
Package xcolor Info: Model `cmy' substituted by `cmy0' on input line 1349.
Package xcolor Info: Model `hsb' substituted by `rgb' on input line 1353.
Package xcolor Info: Model `RGB' extended on input line 1365.
Package xcolor Info: Model `HTML' substituted by `rgb' on input line 1367.
Package xcolor Info: Model `Hsb' substituted by `hsb' on input line 1368.
Package xcolor Info: Model `tHsb' substituted by `hsb' on input line 1369.
Package xcolor Info: Model `HSB' substituted by `hsb' on input line 1370.
Package xcolor Info: Model `Gray' substituted by `gray' on input line 1371.
Package xcolor Info: Model `wave' substituted by `hsb' on input line 1372.
) (C:\Users\jvsaa\AppData\Local\Programs\MiKTeX\tex/latex/graphics\dvipsnam.def
File: dvipsnam.def 2016/06/17 v3.0m Driver-dependent file (DPC,SPQR)
) (C:\Users\jvsaa\AppData\Local\Programs\MiKTeX\tex/latex/listings\lstlang1.sty
File: lstlang1.sty 2024/09/23 1.10c listings language file
) (C:\Users\jvsaa\AppData\Local\Programs\MiKTeX\tex/latex/listings\lstlang1.sty
File: lstlang1.sty 2024/09/23 1.10c listings language file
) (C:\Users\jvsaa\AppData\Local\Programs\MiKTeX\tex/latex/listings\lstmisc.sty
File: lstmisc.sty 2024/09/23 1.10c (Carsten Heinz)
) (C:\Users\jvsaa\AppData\Local\Programs\MiKTeX\tex/latex/lipsum\lipsum.sty
(C:\Users\jvsaa\AppData\Local\Programs\MiKTeX\tex/latex/l3packages/l3keys2e\l3k
eys2e.sty
Package: l3keys2e 2024-08-16 LaTeX2e option processing using LaTeX3 keys
)
Package: lipsum 2021-09-20 v2.7 150 paragraphs of Lorem Ipsum dummy text
\g__lipsum_par_int=\count380
\l__lipsum_a_int=\count381
\l__lipsum_b_int=\count382

(C:\Users\jvsaa\AppData\Local\Programs\MiKTeX\tex/latex/lipsum\lipsum.ltd.tex))
(C:\Users\jvsaa\AppData\Local\Programs\MiKTeX\tex/latex/hyperref\backref.sty
Package: backref 2025-06-21 v1.45 Bibliographical back referencing
)
(abntex2cite.sty
Package: abntex2cite 2018/11/24 v-1.9.7 abnTeX2
 (abntex2abrev.sty)
\minimumbiblabelwidth=\skip258
\ABCIauxlen=\skip259
\c@ABCIaux=\count383
\c@ABCImax=\count384

(C:\Users\jvsaa\AppData\Local\Programs\MiKTeX\tex/generic/iftex\ifpdf.sty
Package: ifpdf 2019/10/25 v3.4 ifpdf legacy package. Use iftex instead.
)
(C:\Users\jvsaa\AppData\Local\Programs\MiKTeX\tex/generic/iftex\ifxetex.sty
Package: ifxetex 2019/10/25 v0.7 ifxetex legacy package. Use iftex instead.
)
(C:\Users\jvsaa\AppData\Local\Programs\MiKTeX\tex/latex/relsize\relsize.sty
Package: relsize 2013/03/29 ver 4.1
)
\biblabelsep=\skip260
LaTeX Info: Redefining \newblock on input line 591.
LaTeX Info: Redefining \cite on input line 618.
\ABCItoken=\toks31
)
(C:\Users\jvsaa\AppData\Local\Programs\MiKTeX\tex/latex/caption\caption.sty
Package: caption 2023/08/05 v3.6o Customizing captions (AR)

(C:\Users\jvsaa\AppData\Local\Programs\MiKTeX\tex/latex/caption\caption3.sty
Package: caption3 2023/07/31 v2.4d caption3 kernel (AR)
\caption@tempdima=\dimen272
\captionmargin=\dimen273
\caption@leftmargin=\dimen274
\caption@rightmargin=\dimen275
\caption@width=\dimen276
\caption@indent=\dimen277
\caption@parindent=\dimen278
\caption@hangindent=\dimen279
Package caption Info: memoir document class detected.
Package caption Info: french babel package is loaded.

(C:\Users\jvsaa\AppData\Local\Programs\MiKTeX\tex/latex/caption\caption-memoir.
sto
File: caption-memoir.sto 2023/09/08 v2.2c Adaption of the caption package to th
e memoir document class (AR)
))
\c@caption@flags=\count385
\c@continuedfloat=\count386
Package caption Info: changepage package is loaded.
\caption@adjustwidth@hsize=\dimen280
\caption@adjustwidth@linewidth=\dimen281
Package caption Info: hyperref package is loaded.
Package caption Info: listings package is loaded.
)
Package hyperref Info: Option `colorlinks' set `true' on input line 200.
\abntex2-modelo-trabalho-academico-TCC-EngaEletrica@idxfile=\write4
\openout4 = `abntex2-modelo-trabalho-academico-TCC-EngaEletrica.idx'.


Writing index file abntex2-modelo-trabalho-academico-TCC-EngaEletrica.idx 
(abntex2-modelo-trabalho-academico-TCC-EngaEletrica.aux
Package babel Info: 'brazil' activates 'portuges' shorthands.
(babel)             Reported on input line 19.
)
\openout1 = `abntex2-modelo-trabalho-academico-TCC-EngaEletrica.aux'.

LaTeX Font Info:    Checking defaults for OML/cmm/m/it on input line 223.
LaTeX Font Info:    ... okay on input line 223.
LaTeX Font Info:    Checking defaults for OMS/cmsy/m/n on input line 223.
LaTeX Font Info:    ... okay on input line 223.
LaTeX Font Info:    Checking defaults for OT1/cmr/m/n on input line 223.
LaTeX Font Info:    ... okay on input line 223.
LaTeX Font Info:    Checking defaults for T1/cmr/m/n on input line 223.
LaTeX Font Info:    ... okay on input line 223.
LaTeX Font Info:    Checking defaults for TS1/cmr/m/n on input line 223.
LaTeX Font Info:    ... okay on input line 223.
LaTeX Font Info:    Checking defaults for OMX/cmex/m/n on input line 223.
LaTeX Font Info:    ... okay on input line 223.
LaTeX Font Info:    Checking defaults for U/cmr/m/n on input line 223.
LaTeX Font Info:    ... okay on input line 223.
LaTeX Font Info:    Checking defaults for PD1/pdf/m/n on input line 223.
LaTeX Font Info:    ... okay on input line 223.
LaTeX Font Info:    Checking defaults for PU/pdf/m/n on input line 223.
LaTeX Font Info:    ... okay on input line 223.
Package hyperref Info: Link coloring ON on input line 223.
LaTeX Info: Redefining \degres on input line 223.
\myptabbox=\box61
\myptabboxwidth=\skip261

(C:\Users\jvsaa\AppData\Local\Programs\MiKTeX\tex/context/base/mkii\supp-pdf.mk
ii
[Loading MPS to PDF converter (version 2006.09.02).]
\scratchcounter=\count387
\scratchdimen=\dimen282
\scratchbox=\box62
\nofMPsegments=\count388
\nofMParguments=\count389
\everyMPshowfont=\toks32
\MPscratchCnt=\count390
\MPscratchDim=\dimen283
\MPnumerator=\count391
\makeMPintoPDFobject=\count392
\everyMPtoPDFconversion=\toks33
)
(C:\Users\jvsaa\AppData\Local\Programs\MiKTeX\tex/latex/epstopdf-pkg\epstopdf-b
ase.sty
Package: epstopdf-base 2020-01-24 v2.11 Base part for package epstopdf
Package epstopdf-base Info: Redefining graphics rule for `.eps' on input line 4
85.

(C:\Users\jvsaa\AppData\Local\Programs\MiKTeX\tex/latex/00miktex\epstopdf-sys.c
fg
File: epstopdf-sys.cfg 2021/03/18 v2.0 Configuration of epstopdf for MiKTeX
))
\c@lstlisting=\count393
Package caption Info: Begin \AtBeginDocument code.
Package caption Info: End \AtBeginDocument code.
LaTeX Font Info:    Trying to load font information for T1+lmss on input line 2
36.
 (C:\Users\jvsaa\AppData\Local\Programs\MiKTeX\tex/latex/lm\t1lmss.fd
File: t1lmss.fd 2015/05/01 v1.6.1 Font defs for Latin Modern
)

[1

{C:/Users/jvsaa/AppData/Local/MiKTeX/fonts/map/pdftex/pdftex.map}{C:/Users/jvsa
a/AppData/Local/Programs/MiKTeX/fonts/enc/dvips/lm/lm-ec.enc}]

[2

]
LaTeX Font Info:    Trying to load font information for OT1+lmr on input line 2
44.
 (C:\Users\jvsaa\AppData\Local\Programs\MiKTeX\tex/latex/lm\ot1lmr.fd
File: ot1lmr.fd 2015/05/01 v1.6.1 Font defs for Latin Modern
)<<ot1.cmap>>
LaTeX Font Info:    Trying to load font information for OML+lmm on input line 2
44.
 (C:\Users\jvsaa\AppData\Local\Programs\MiKTeX\tex/latex/lm\omllmm.fd
File: omllmm.fd 2015/05/01 v1.6.1 Font defs for Latin Modern
)<<oml.cmap>>
LaTeX Font Info:    Trying to load font information for OMS+lmsy on input line 
244.
 (C:\Users\jvsaa\AppData\Local\Programs\MiKTeX\tex/latex/lm\omslmsy.fd
File: omslmsy.fd 2015/05/01 v1.6.1 Font defs for Latin Modern
)<<oms.cmap>>
LaTeX Font Info:    Trying to load font information for OMX+lmex on input line 
244.

(C:\Users\jvsaa\AppData\Local\Programs\MiKTeX\tex/latex/lm\omxlmex.fd
File: omxlmex.fd 2015/05/01 v1.6.1 Font defs for Latin Modern
)
LaTeX Font Info:    External font `lmex10' loaded for size
(Font)              <12> on input line 244.
<<omx.cmap>>
LaTeX Font Info:    External font `lmex10' loaded for size
(Font)              <8> on input line 244.
LaTeX Font Info:    External font `lmex10' loaded for size
(Font)              <6> on input line 244.



pdfTeX warning (ext4): destination with the same identifier (name{page.1}) has 
been already used, duplicate ignored
<to be read again> 
                   \relax 
l.244 
       [1


]


pdfTeX warning (ext4): destination with the same identifier (name{page.2}) has 
been already used, duplicate ignored
<to be read again> 
                   \relax 
l.244 
       [2

]

[3

]

[4

]

[5]

[6

]

[7]

[8

] (abntex2-modelo-trabalho-academico-TCC-EngaEletrica.lof

[9])

[10] (abntex2-modelo-trabalho-academico-TCC-EngaEletrica.lot)

[11

]

[12

]

[13

]

[14

] (abntex2-modelo-trabalho-academico-TCC-EngaEletrica.toc

[15])

[16]

Package hyperref Warning: Suppressing empty link on input line 395.


Package hyperref Warning: Suppressing empty link on input line 397.


Package hyperref Warning: Suppressing empty link on input line 401.



[17


]

Package babel Info: 'brazil' activates 'portuges' shorthands.
(babel)             Reported on input line 412.
[18]
LaTeX Font Info:    Trying to load font information for TS1+lmr on input line 4
26.
 (C:\Users\jvsaa\AppData\Local\Programs\MiKTeX\tex/latex/lm\ts1lmr.fd
File: ts1lmr.fd 2015/05/01 v1.6.1 Font defs for Latin Modern
)

[19{C:/Users/jvsaa/AppData/Local/Programs/MiKTeX/fonts/enc/dvips/lm/lm-ts1.enc}
]

[20]

Package hyperref Warning: Suppressing empty link on input line 440.



[21

{C:/Users/jvsaa/AppData/Local/Programs/MiKTeX/fonts/enc/dvips/lm/lm-mathsy.enc}
]

[22]
Underfull \vbox (badness 10000) has occurred while \output is active []



[23]
Overfull \hbox (4.81454pt too wide) in paragraph at lines 497--498
[]\T1/lmr/m/n/12 Uma fer-ra-menta am-pla-mente uti-li-zada no con-texto de IoT 
é a ThingS-peak ([][]Robu.in[][],
 []


Package hyperref Warning: Suppressing empty link on input line 499.


Underfull \vbox (badness 10000) has occurred while \output is active []



[24]

[25]

Package hyperref Warning: Suppressing empty link on input line 517.


Package hyperref Warning: Suppressing empty link on input line 521.


Underfull \vbox (badness 10000) has occurred while \output is active []



[26]
<imagens/ValvulaEsfera.jpg, id=498, 250.9375pt x 214.8025pt>
File: imagens/ValvulaEsfera.jpg Graphic file (type jpg)
<use imagens/ValvulaEsfera.jpg>
Package pdftex.def Info: imagens/ValvulaEsfera.jpg  used on input line 548.
(pdftex.def)             Requested size: 204.74861pt x 175.2739pt.
<imagens/ValvulaGlobo.jpg, id=499, 770.88pt x 514.17094pt>
File: imagens/ValvulaGlobo.jpg Graphic file (type jpg)
<use imagens/ValvulaGlobo.jpg>
Package pdftex.def Info: imagens/ValvulaGlobo.jpg  used on input line 555.
(pdftex.def)             Requested size: 204.74861pt x 136.56062pt.
<imagens/ValvulaBorboleta.jpg, id=500, 633.36626pt x 803.0pt>
File: imagens/ValvulaBorboleta.jpg Graphic file (type jpg)
<use imagens/ValvulaBorboleta.jpg>
Package pdftex.def Info: imagens/ValvulaBorboleta.jpg  used on input line 565.
(pdftex.def)             Requested size: 204.74861pt x 259.58734pt.
<imagens/ValvulaDiafragma.jpg, id=501, 499.8675pt x 552.0625pt>
File: imagens/ValvulaDiafragma.jpg Graphic file (type jpg)
<use imagens/ValvulaDiafragma.jpg>
Package pdftex.def Info: imagens/ValvulaDiafragma.jpg  used on input line 572.
(pdftex.def)             Requested size: 204.74861pt x 226.12807pt.


LaTeX Warning: `h' float specifier changed to `ht'.


Package hyperref Warning: Suppressing empty link on input line 583.

<imagens/ValvulasSolenoides.jpg, id=504, 635.37375pt x 350.30875pt>
File: imagens/ValvulasSolenoides.jpg Graphic file (type jpg)
<use imagens/ValvulasSolenoides.jpg>
Package pdftex.def Info: imagens/ValvulasSolenoides.jpg  used on input line 587
.
(pdftex.def)             Requested size: 364.00139pt x 200.69366pt.

LaTeX Warning: `h' float specifier changed to `ht'.


Package hyperref Warning: Suppressing empty link on input line 592.



[27]

[28 <./imagens/ValvulaEsfera.jpg> <./imagens/ValvulaGlobo.jpg> <./imagens/Valvu
laBorboleta.jpg> <./imagens/ValvulaDiafragma.jpg>]

[29 <./imagens/ValvulasSolenoides.jpg>]

[30

]
LaTeX Font Info:    External font `lmex10' loaded for size
(Font)              <10> on input line 628.
LaTeX Font Info:    External font `lmex10' loaded for size
(Font)              <7> on input line 628.
LaTeX Font Info:    External font `lmex10' loaded for size
(Font)              <5> on input line 628.

Overfull \hbox (7.79132pt too wide) in paragraph at lines 628--629
 []$[]$ 
 []



[31]
<imagens/BasicConnectionsESP-12E.png, id=553, 642.4pt x 381.425pt>
File: imagens/BasicConnectionsESP-12E.png Graphic file (type png)
<use imagens/BasicConnectionsESP-12E.png>
Package pdftex.def Info: imagens/BasicConnectionsESP-12E.png  used on input lin
e 677.
(pdftex.def)             Requested size: 273.00278pt x 162.10056pt.
<imagens/ESP12_Adapter.jpg, id=560, 953.5625pt x 442.65375pt>
File: imagens/ESP12_Adapter.jpg Graphic file (type jpg)
<use imagens/ESP12_Adapter.jpg>
Package pdftex.def Info: imagens/ESP12_Adapter.jpg  used on input line 687.
(pdftex.def)             Requested size: 318.49861pt x 147.85257pt.


Package hyperref Warning: Suppressing empty link on input line 688.


Package hyperref Warning: Suppressing empty link on input line 688.



[32{C:/Users/jvsaa/AppData/Local/Programs/MiKTeX/fonts/enc/dvips/lm/lm-rm.enc}]
<imagens/PlacaFenoliteFRENTE.jpg, id=577, 9282.68pt x 6962.01pt>
File: imagens/PlacaFenoliteFRENTE.jpg Graphic file (type jpg)
<use imagens/PlacaFenoliteFRENTE.jpg>
Package pdftex.def Info: imagens/PlacaFenoliteFRENTE.jpg  used on input line 70
1.
(pdftex.def)             Requested size: 185.6928pt x 139.26959pt.

Overfull \hbox (3.69557pt too wide) in paragraph at lines 701--702
 [][] 
 []

<imagens/PlacaFenoliteVERSO.jpg, id=578, 9282.68pt x 6962.01pt>
File: imagens/PlacaFenoliteVERSO.jpg Graphic file (type jpg)
<use imagens/PlacaFenoliteVERSO.jpg>
Package pdftex.def Info: imagens/PlacaFenoliteVERSO.jpg  used on input line 708
.
(pdftex.def)             Requested size: 185.6928pt x 139.26959pt.

Overfull \hbox (3.69557pt too wide) in paragraph at lines 708--709
 [][] 
 []


Underfull \vbox (badness 10000) has occurred while \output is active []



[33 <./imagens/BasicConnectionsESP-12E.png> <./imagens/ESP12_Adapter.jpg>]

[34 <./imagens/PlacaFenoliteFRENTE.jpg> <./imagens/PlacaFenoliteVERSO.jpg>]

Package hyperref Warning: Suppressing empty link on input line 754.


Package hyperref Warning: Suppressing empty link on input line 756.

<imagens/CircuitoPonteH.png, id=605, 1293.83376pt x 681.54625pt>
File: imagens/CircuitoPonteH.png Graphic file (type png)
<use imagens/CircuitoPonteH.png>
Package pdftex.def Info: imagens/CircuitoPonteH.png  used on input line 768.
(pdftex.def)             Requested size: 364.00139pt x 191.7364pt.

Underfull \vbox (badness 4556) has occurred while \output is active []



[35{C:/Users/jvsaa/AppData/Local/Programs/MiKTeX/fonts/enc/dvips/lm/lm-mathit.e
nc}]

[36 <./imagens/CircuitoPonteH.png>]

[37]

Package hyperref Warning: Suppressing empty link on input line 807.


Package hyperref Warning: Suppressing empty link on input line 810.

LaTeX Font Info:    Trying to load font information for T1+lmtt on input line 8
11.
(C:\Users\jvsaa\AppData\Local\Programs\MiKTeX\tex/latex/lm\t1lmtt.fd
File: t1lmtt.fd 2015/05/01 v1.6.1 Font defs for Latin Modern
)
Package hyperref Info: bookmark level for unknown lstlisting defaults to 0 on i
nput line 813.


[38]

[39]

[40]

[41]

Package hyperref Warning: Suppressing empty link on input line 949.



[42]
Overfull \hbox (17.89403pt too wide) in paragraph at lines 969--970
[]\T1/lmr/m/n/12 Após isso, no loop prin-ci-pal, foi exe-cu-tada a fun-ção da b
i-bli-o-teca \T1/lmtt/m/n/12 ESP8266WebServer.h
 []



[43]

[44]

[45]

[46]

[47]
<imagens/DesgargaPilha.png, id=911, 823.075pt x 572.1375pt>
File: imagens/DesgargaPilha.png Graphic file (type png)
<use imagens/DesgargaPilha.png>
Package pdftex.def Info: imagens/DesgargaPilha.png  used on input line 1176.
(pdftex.def)             Requested size: 364.00139pt x 253.0246pt.


LaTeX Warning: `h' float specifier changed to `ht'.



[48]

[49 <./imagens/DesgargaPilha.png>]

[50]

[51]

[52]
LaTeX Font Info:    Font shape `T1/lmtt/bx/n' in size <10> not available
(Font)              Font shape `T1/lmtt/b/n' tried instead on input line 1317.


[53]

[54]

Package Listings Warning: Text dropped after begin of listing on input line 140
9.



[55]

[56]
Overfull \hbox (2.76001pt too wide) in paragraph at lines 1502--1503
[]\T1/lmr/m/n/12 Ao sal-var as al-te-ra-ções (có-digo [][]3.31[][]), a \T1/lmtt
/m/n/12 SegundaTela \T1/lmr/m/n/12 chama a fun-ção \T1/lmtt/m/n/12 editarAlarme

 []



[57]

[58]
Overfull \hbox (0.71294pt too wide) in paragraph at lines 1580--1581
[]\T1/lmr/m/n/12 Se a cha-mada for bem-sucedida e re-ce-ber uma res-posta (\T1/
lmtt/m/n/12 response.isSuccessful\T1/lmr/m/n/12 ),
 []



[59]
<imagens/PlacaOriginalTrato.jpg, id=1265, 1204.5pt x 1606.0pt>
File: imagens/PlacaOriginalTrato.jpg Graphic file (type jpg)
<use imagens/PlacaOriginalTrato.jpg>
Package pdftex.def Info: imagens/PlacaOriginalTrato.jpg  used on input line 161
9.
(pdftex.def)             Requested size: 180.6672pt x 240.8896pt.
<imagens/PlacaFenoliteTrato.jpg, id=1266, 1204.5pt x 1606.0pt>
File: imagens/PlacaFenoliteTrato.jpg Graphic file (type jpg)
<use imagens/PlacaFenoliteTrato.jpg>
Package pdftex.def Info: imagens/PlacaFenoliteTrato.jpg  used on input line 162
6.
(pdftex.def)             Requested size: 180.6672pt x 240.8896pt.


[60]
<imagens/EsquematicoTrato.png, id=1289, 443.85825pt x 275.8305pt>
File: imagens/EsquematicoTrato.png Graphic file (type png)
<use imagens/EsquematicoTrato.png>
Package pdftex.def Info: imagens/EsquematicoTrato.png  used on input line 1636.

(pdftex.def)             Requested size: 455.0pt x 282.76175pt.


LaTeX Warning: `h' float specifier changed to `ht'.

<imagens/TratoFrentePCB.png, id=1290, 757.02824pt x 499.8675pt>
File: imagens/TratoFrentePCB.png Graphic file (type png)
<use imagens/TratoFrentePCB.png>
Package pdftex.def Info: imagens/TratoFrentePCB.png  used on input line 1647.
(pdftex.def)             Requested size: 302.80592pt x 199.94345pt.
<imagens/TratoVersoPCB.png, id=1291, 756.426pt x 500.46976pt>
File: imagens/TratoVersoPCB.png Graphic file (type png)
<use imagens/TratoVersoPCB.png>
Package pdftex.def Info: imagens/TratoVersoPCB.png  used on input line 1653.
(pdftex.def)             Requested size: 302.56503pt x 200.18434pt.
<imagens/PlacaOriginalAmanco.jpg, id=1294, 1606.0pt x 1204.5pt>
File: imagens/PlacaOriginalAmanco.jpg Graphic file (type jpg)
<use imagens/PlacaOriginalAmanco.jpg>
Package pdftex.def Info: imagens/PlacaOriginalAmanco.jpg  used on input line 16
70.
(pdftex.def)             Requested size: 240.8896pt x 180.6672pt.

Overfull \hbox (13.3896pt too wide) in paragraph at lines 1670--1671
 [][] 
 []

<imagens/PlacaFenoliteAmanco.jpg, id=1295, 1606.0pt x 1204.5pt>
File: imagens/PlacaFenoliteAmanco.jpg Graphic file (type jpg)
<use imagens/PlacaFenoliteAmanco.jpg>
Package pdftex.def Info: imagens/PlacaFenoliteAmanco.jpg  used on input line 16
77.
(pdftex.def)             Requested size: 240.8896pt x 180.6672pt.

Overfull \hbox (13.3896pt too wide) in paragraph at lines 1677--1678
 [][] 
 []

<imagens/AmancoFrentePCB.png, id=1298, 531.1845pt x 371.58826pt>
File: imagens/AmancoFrentePCB.png Graphic file (type png)
<use imagens/AmancoFrentePCB.png>
Package pdftex.def Info: imagens/AmancoFrentePCB.png  used on input line 1690.
(pdftex.def)             Requested size: 318.71315pt x 222.95467pt.

Overfull \hbox (45.71037pt too wide) in paragraph at lines 1690--1691
 [][] 
 []

<imagens/AmancoVersoPCB.png, id=1299, 531.1845pt x 368.577pt>
File: imagens/AmancoVersoPCB.png Graphic file (type png)
<use imagens/AmancoVersoPCB.png>
Package pdftex.def Info: imagens/AmancoVersoPCB.png  used on input line 1697.
(pdftex.def)             Requested size: 318.71315pt x 221.14789pt.

Overfull \hbox (45.71037pt too wide) in paragraph at lines 1697--1698
 [][] 
 []



[61 <./imagens/PlacaOriginalTrato.jpg> <./imagens/PlacaFenoliteTrato.jpg>]
<imagens/ChaveFimCursoAmanco.jpg, id=1305, 1204.5pt x 1204.5pt>
File: imagens/ChaveFimCursoAmanco.jpg Graphic file (type jpg)
<use imagens/ChaveFimCursoAmanco.jpg>
Package pdftex.def Info: imagens/ChaveFimCursoAmanco.jpg  used on input line 17
07.
(pdftex.def)             Requested size: 136.50139pt x 136.50206pt.


Package hyperref Warning: Suppressing empty link on input line 1709.


Package hyperref Warning: Suppressing empty link on input line 1709.


LaTeX Warning: `!h' float specifier changed to `!ht'.


Underfull \vbox (badness 1845) has occurred while \output is active []



[62 <./imagens/EsquematicoTrato.png>]

[63 <./imagens/TratoFrentePCB.png> <./imagens/TratoVersoPCB.png>]

[64 <./imagens/PlacaOriginalAmanco.jpg> <./imagens/PlacaFenoliteAmanco.jpg>]

[65 <./imagens/AmancoFrentePCB.png> <./imagens/AmancoVersoPCB.png>]

[66 <./imagens/ChaveFimCursoAmanco.jpg>]
<imagens/IrrigadorTratoAberto.jpg, id=1337, 1284.8pt x 963.6pt>
File: imagens/IrrigadorTratoAberto.jpg Graphic file (type jpg)
<use imagens/IrrigadorTratoAberto.jpg>
Package pdftex.def Info: imagens/IrrigadorTratoAberto.jpg  used on input line 1
738.
(pdftex.def)             Requested size: 256.95544pt x 192.71658pt.
<imagens/IrrigadorTratoFechado.jpg, id=1338, 1284.8pt x 963.6pt>
File: imagens/IrrigadorTratoFechado.jpg Graphic file (type jpg)
<use imagens/IrrigadorTratoFechado.jpg>
Package pdftex.def Info: imagens/IrrigadorTratoFechado.jpg  used on input line 
1745.
(pdftex.def)             Requested size: 256.95544pt x 192.71658pt.

Underfull \vbox (badness 2617) has occurred while \output is active []



[67

 <./imagens/IrrigadorTratoAberto.jpg> <./imagens/IrrigadorTratoFechado.jpg>]
<imagens/MontagemCorrente.jpg, id=1344, 542.025pt x 963.6pt>
File: imagens/MontagemCorrente.jpg Graphic file (type jpg)
<use imagens/MontagemCorrente.jpg>
Package pdftex.def Info: imagens/MontagemCorrente.jpg  used on input line 1759.

(pdftex.def)             Requested size: 227.5pt x 404.44458pt.
<imagens/ValorShunt.jpg, id=1346, 1204.5pt x 1606.0pt>
File: imagens/ValorShunt.jpg Graphic file (type jpg)
<use imagens/ValorShunt.jpg>
Package pdftex.def Info: imagens/ValorShunt.jpg  used on input line 1769.
(pdftex.def)             Requested size: 227.5pt x 303.32976pt.

LaTeX Warning: `!h' float specifier changed to `!ht'.



[68 <./imagens/MontagemCorrente.jpg>]
<imagens/ConsumoWiFiLonge.jpg, id=1356, 870.25125pt x 652.68843pt>
File: imagens/ConsumoWiFiLonge.jpg Graphic file (type jpg)
<use imagens/ConsumoWiFiLonge.jpg>
Package pdftex.def Info: imagens/ConsumoWiFiLonge.jpg  used on input line 1793.

(pdftex.def)             Requested size: 204.74861pt x 153.56107pt.
<imagens/ConsumoWiFiPerto.jpg, id=1357, 870.25125pt x 652.68843pt>
File: imagens/ConsumoWiFiPerto.jpg Graphic file (type jpg)
<use imagens/ConsumoWiFiPerto.jpg>
Package pdftex.def Info: imagens/ConsumoWiFiPerto.jpg  used on input line 1799.

(pdftex.def)             Requested size: 204.74861pt x 153.56107pt.

Underfull \vbox (badness 1460) has occurred while \output is active []



[69 <./imagens/ValorShunt.jpg> <./imagens/ConsumoWiFiLonge.jpg> <./imagens/Cons
umoWiFiPerto.jpg>]

LaTeX Warning: Command \' invalid in math mode on input line 1808.

<imagens/ConsumoMotorLed.jpg, id=1365, 870.25125pt x 652.68843pt>
File: imagens/ConsumoMotorLed.jpg Graphic file (type jpg)
<use imagens/ConsumoMotorLed.jpg>
Package pdftex.def Info: imagens/ConsumoMotorLed.jpg  used on input line 1825.
(pdftex.def)             Requested size: 273.00278pt x 204.7514pt.


[70 <./imagens/ConsumoMotorLed.jpg>]
<imagens/CorrenteDeepSleep.jpg, id=1374, 870.25125pt x 1160.335pt>
File: imagens/CorrenteDeepSleep.jpg Graphic file (type jpg)
<use imagens/CorrenteDeepSleep.jpg>
Package pdftex.def Info: imagens/CorrenteDeepSleep.jpg  used on input line 1849
.
(pdftex.def)             Requested size: 227.5pt x 303.32657pt.


[71 <./imagens/CorrenteDeepSleep.jpg>]

[72]

[73]
<imagens/TelaInicialApp.jpg, id=1400, 542.025pt x 1204.5pt>
File: imagens/TelaInicialApp.jpg Graphic file (type jpg)
<use imagens/TelaInicialApp.jpg>
Package pdftex.def Info: imagens/TelaInicialApp.jpg  used on input line 1936.
(pdftex.def)             Requested size: 108.40308pt x 240.89574pt.
<imagens/TelaAdicaoApp.jpg, id=1401, 542.025pt x 1204.5pt>
File: imagens/TelaAdicaoApp.jpg Graphic file (type jpg)
<use imagens/TelaAdicaoApp.jpg>
Package pdftex.def Info: imagens/TelaAdicaoApp.jpg  used on input line 1942.
(pdftex.def)             Requested size: 108.40308pt x 240.89574pt.

Underfull \hbox (badness 10000) in paragraph at lines 1947--1947
[][]|\T1/lmr/m/n/12 Tela ini-cial
 []


Underfull \hbox (badness 10000) in paragraph at lines 1947--1947
\T1/lmr/m/n/12 após cri-a-ção
 []

<imagens/TelaInicialAposAdicaoApp.jpg, id=1402, 542.025pt x 1204.5pt>
File: imagens/TelaInicialAposAdicaoApp.jpg Graphic file (type jpg)
<use imagens/TelaInicialAposAdicaoApp.jpg>
Package pdftex.def Info: imagens/TelaInicialAposAdicaoApp.jpg  used on input li
ne 1948.
(pdftex.def)             Requested size: 108.40308pt x 240.89574pt.
<imagens/TelaInicialAposEnvioApp.jpg, id=1404, 722.7pt x 1606.0pt>
File: imagens/TelaInicialAposEnvioApp.jpg Graphic file (type jpg)
<use imagens/TelaInicialAposEnvioApp.jpg>
Package pdftex.def Info: imagens/TelaInicialAposEnvioApp.jpg  used on input lin
e 1960.
(pdftex.def)             Requested size: 136.50139pt x 303.32976pt.


[74 <./imagens/TelaInicialApp.jpg> <./imagens/TelaAdicaoApp.jpg> <./imagens/Tel
aInicialAposAdicaoApp.jpg>]
<imagens/ErroSemInternetApp.jpg, id=1410, 542.025pt x 1204.5pt>
File: imagens/ErroSemInternetApp.jpg Graphic file (type jpg)
<use imagens/ErroSemInternetApp.jpg>
Package pdftex.def Info: imagens/ErroSemInternetApp.jpg  used on input line 197
3.
(pdftex.def)             Requested size: 136.50139pt x 303.32976pt.


LaTeX Warning: `h' float specifier changed to `ht'.

<imagens/TelaInicialAposExclusaoApp.jpg, id=1412, 722.7pt x 1606.0pt>
File: imagens/TelaInicialAposExclusaoApp.jpg Graphic file (type jpg)
<use imagens/TelaInicialAposExclusaoApp.jpg>
Package pdftex.def Info: imagens/TelaInicialAposExclusaoApp.jpg  used on input 
line 1986.
(pdftex.def)             Requested size: 136.50139pt x 303.32976pt.

LaTeX Warning: `h' float specifier changed to `ht'.

<imagens/TelaInicialExclusaoTodosApp.jpg, id=1414, 722.7pt x 1606.0pt>
File: imagens/TelaInicialExclusaoTodosApp.jpg Graphic file (type jpg)
<use imagens/TelaInicialExclusaoTodosApp.jpg>
Package pdftex.def Info: imagens/TelaInicialExclusaoTodosApp.jpg  used on input
 line 1996.
(pdftex.def)             Requested size: 136.50139pt x 303.32976pt.

LaTeX Warning: `h' float specifier changed to `ht'.

<imagens/TelaInicialAposErroExclusaoApp.jpg, id=1416, 722.7pt x 1606.0pt>
File: imagens/TelaInicialAposErroExclusaoApp.jpg Graphic file (type jpg)
<use imagens/TelaInicialAposErroExclusaoApp.jpg>
Package pdftex.def Info: imagens/TelaInicialAposErroExclusaoApp.jpg  used on in
put line 2008.
(pdftex.def)             Requested size: 136.50139pt x 303.32976pt.


[75 <./imagens/TelaInicialAposEnvioApp.jpg>]

LaTeX Warning: `h' float specifier changed to `ht'.

<imagens/TelaEdicaoApp.jpg, id=1424, 722.7pt x 1606.0pt>
File: imagens/TelaEdicaoApp.jpg Graphic file (type jpg)
<use imagens/TelaEdicaoApp.jpg>
Package pdftex.def Info: imagens/TelaEdicaoApp.jpg  used on input line 2026.
(pdftex.def)             Requested size: 144.53743pt x 321.19432pt.

Overfull \hbox (8.03604pt too wide) in paragraph at lines 2026--2027
 [][] 
 []

<imagens/TelaInicialAposEdicaoApp.jpg, id=1425, 722.7pt x 1606.0pt>
File: imagens/TelaInicialAposEdicaoApp.jpg Graphic file (type jpg)
<use imagens/TelaInicialAposEdicaoApp.jpg>
Package pdftex.def Info: imagens/TelaInicialAposEdicaoApp.jpg  used on input li
ne 2032.
(pdftex.def)             Requested size: 144.53743pt x 321.19432pt.

Overfull \hbox (8.03604pt too wide) in paragraph at lines 2032--2033
 [][] 
 []

<imagens/TelaEdicaoErroApp.jpg, id=1426, 722.7pt x 1606.0pt>
File: imagens/TelaEdicaoErroApp.jpg Graphic file (type jpg)
<use imagens/TelaEdicaoErroApp.jpg>
Package pdftex.def Info: imagens/TelaEdicaoErroApp.jpg  used on input line 2038
.
(pdftex.def)             Requested size: 144.53743pt x 321.19432pt.

Overfull \hbox (8.03604pt too wide) in paragraph at lines 2038--2039
 [][] 
 []



[76 <./imagens/ErroSemInternetApp.jpg>]
<imagens/TelaInicialConsultaBateriaApp.jpg, id=1432, 722.7pt x 1606.0pt>
File: imagens/TelaInicialConsultaBateriaApp.jpg Graphic file (type jpg)
<use imagens/TelaInicialConsultaBateriaApp.jpg>
Package pdftex.def Info: imagens/TelaInicialConsultaBateriaApp.jpg  used on inp
ut line 2051.
(pdftex.def)             Requested size: 136.50139pt x 303.32976pt.


LaTeX Warning: `h' float specifier changed to `ht'.

<imagens/CallMeBotMessage.jpg, id=1434, 1084.05pt x 1514.65875pt>
File: imagens/CallMeBotMessage.jpg Graphic file (type jpg)
<use imagens/CallMeBotMessage.jpg>
Package pdftex.def Info: imagens/CallMeBotMessage.jpg  used on input line 2061.

(pdftex.def)             Requested size: 136.50139pt x 190.71858pt.

LaTeX Warning: `h' float specifier changed to `ht'.



[77 <./imagens/TelaInicialAposExclusaoApp.jpg>]

[78 <./imagens/TelaInicialExclusaoTodosApp.jpg>]

[79 <./imagens/TelaInicialAposErroExclusaoApp.jpg>]

[80 <./imagens/TelaEdicaoApp.jpg> <./imagens/TelaInicialAposEdicaoApp.jpg> <./i
magens/TelaEdicaoErroApp.jpg>]

[81 <./imagens/TelaInicialConsultaBateriaApp.jpg> <./imagens/CallMeBotMessage.j
pg>]

[82

] (abntex2-modelo-trabalho-academico-TCC-EngaEletrica.bbl
(abntex2-modelo-trabalho-academico-TCC-EngaEletrica.brf)
\tf@brf=\write5
\openout5 = `abntex2-modelo-trabalho-academico-TCC-EngaEletrica.brf'.



[83]

[84

]
bibitemlist


[85]

[86]

[87]

[88])

[89]
\tf@lof=\write6
\openout6 = `abntex2-modelo-trabalho-academico-TCC-EngaEletrica.lof'.

\tf@lot=\write7
\openout7 = `abntex2-modelo-trabalho-academico-TCC-EngaEletrica.lot'.

\tf@toc=\write8
\openout8 = `abntex2-modelo-trabalho-academico-TCC-EngaEletrica.toc'.

 
enddocument/afterlastpage (AED): lastpage setting LastPage.
(abntex2-modelo-trabalho-academico-TCC-EngaEletrica.aux)
 ***********
LaTeX2e <2025-06-01> patch level 1
L3 programming layer <2020/03/25>
 ***********
Package rerunfilecheck Info: File `abntex2-modelo-trabalho-academico-TCC-EngaEl
etrica.brf' has not changed.
(rerunfilecheck)             Checksum: 010E5732E960A21738AB25D751CAA168;4636.
 ) 
Here is how much of TeX's memory you used:
 23617 strings out of 468134
 396042 string characters out of 5430740
 1195857 words of memory out of 5000000
 51051 multiletter control sequences out of 15000+600000
 700110 words of font info for 84 fonts, out of 8000000 for 9000
 1141 hyphenation exceptions out of 8191
 99i,13n,107p,1187b,2080s stack positions out of 10000i,1000n,20000p,200000b,200000s
<C:/Users/jvsaa/AppData/Local/Programs/MiKTeX/fonts/type1/public/lm/lmbx12.pf
b><C:/Users/jvsaa/AppData/Local/Programs/MiKTeX/fonts/type1/public/lm/lmmi12.pf
b><C:/Users/jvsaa/AppData/Local/Programs/MiKTeX/fonts/type1/public/lm/lmmi8.pfb
><C:/Users/jvsaa/AppData/Local/Programs/MiKTeX/fonts/type1/public/lm/lmr10.pfb>
<C:/Users/jvsaa/AppData/Local/Programs/MiKTeX/fonts/type1/public/lm/lmr12.pfb><
C:/Users/jvsaa/AppData/Local/Programs/MiKTeX/fonts/type1/public/lm/lmr8.pfb><C:
/Users/jvsaa/AppData/Local/Programs/MiKTeX/fonts/type1/public/lm/lmri10.pfb><C:
/Users/jvsaa/AppData/Local/Programs/MiKTeX/fonts/type1/public/lm/lmri12.pfb><C:
/Users/jvsaa/AppData/Local/Programs/MiKTeX/fonts/type1/public/lm/lmss10.pfb><C:
/Users/jvsaa/AppData/Local/Programs/MiKTeX/fonts/type1/public/lm/lmss12.pfb><C:
/Users/jvsaa/AppData/Local/Programs/MiKTeX/fonts/type1/public/lm/lmss17.pfb><C:
/Users/jvsaa/AppData/Local/Programs/MiKTeX/fonts/type1/public/lm/lmssbx10.pfb><
C:/Users/jvsaa/AppData/Local/Programs/MiKTeX/fonts/type1/public/lm/lmsy10.pfb><
C:/Users/jvsaa/AppData/Local/Programs/MiKTeX/fonts/type1/public/lm/lmsy8.pfb><C
:/Users/jvsaa/AppData/Local/Programs/MiKTeX/fonts/type1/public/lm/lmtk10.pfb><C
:/Users/jvsaa/AppData/Local/Programs/MiKTeX/fonts/type1/public/lm/lmtt10.pfb><C
:/Users/jvsaa/AppData/Local/Programs/MiKTeX/fonts/type1/public/lm/lmtt12.pfb><C
:/Users/jvsaa/AppData/Local/Programs/MiKTeX/fonts/type1/urw/zapfding/uzdr.pfb>
Output written on abntex2-modelo-trabalho-academico-TCC-EngaEletrica.pdf (91 pa
ges, 29735997 bytes).
PDF statistics:
 2123 PDF objects out of 2487 (max. 8388607)
 791 named destinations out of 1000 (max. 500000)
 807 words of extra memory for PDF output out of 10000 (max. 10000000)

